AH00558: apache2: Could not reliably determine the server's fully qualified domain name, using 172.19.0.6. Set the 'ServerName' directive globally to suppress this message
[Wed Feb 26 08:41:25.453416 2025] [:emerg] [pid 1:tid 1] AH00020: Configuration Failed, exiting
AH00558: apache2: Could not reliably determine the server's fully qualified domain name, using 172.19.0.6. Set the 'ServerName' directive globally to suppress this message
[Wed Feb 26 08:41:26.818550 2025] [:emerg] [pid 1:tid 1] AH00020: Configuration Failed, exiting
AH00558: apache2: Could not reliably determine the server's fully qualified domain name, using 172.19.0.6. Set the 'ServerName' directive globally to suppress this message
[Wed Feb 26 08:41:28.110229 2025] [:emerg] [pid 1:tid 1] AH00020: Configuration Failed, exiting
AH00558: apache2: Could not reliably determine the server's fully qualified domain name, using 172.19.0.6. Set the 'ServerName' directive globally to suppress this message
[Wed Feb 26 08:41:29.341930 2025] [:emerg] [pid 1:tid 1] AH00020: Configuration Failed, exiting
AH00558: apache2: Could not reliably determine the server's fully qualified domain name, using 172.19.0.6. Set the 'ServerName' directive globally to suppress this message
[Wed Feb 26 08:41:31.298473 2025] [:emerg] [pid 1:tid 1] AH00020: Configuration Failed, exiting
AH00558: apache2: Could not reliably determine the server's fully qualified domain name, using 172.19.0.6. Set the 'ServerName' directive globally to suppress this message
[Wed Feb 26 08:41:33.743288 2025] [:emerg] [pid 1:tid 1] AH00020: Configuration Failed, exiting
AH00558: apache2: Could not reliably determine the server's fully qualified domain name, using 172.19.0.6. Set the 'ServerName' directive globally to suppress this message
[Wed Feb 26 08:41:38.112248 2025] [:emerg] [pid 1:tid 1] AH00020: Configuration Failed, exiting
AH00558: apache2: Could not reliably determine the server's fully qualified domain name, using 172.19.0.6. Set the 'ServerName' directive globally to suppress this message
[Wed Feb 26 08:41:45.383167 2025] [:emerg] [pid 1:tid 1] AH00020: Configuration Failed, exiting
AH00558: apache2: Could not reliably determine the server's fully qualified domain name, using 172.19.0.6. Set the 'ServerName' directive globally to suppress this message
[Wed Feb 26 08:41:58.940884 2025] [:emerg] [pid 1:tid 1] AH00020: Configuration Failed, exiting
AH00558: apache2: Could not reliably determine the server's fully qualified domain name, using 172.19.0.6. Set the 'ServerName' directive globally to suppress this message
[Wed Feb 26 08:42:25.459499 2025] [:emerg] [pid 1:tid 1] AH00020: Configuration Failed, exiting
AH00558: apache2: Could not reliably determine the server's fully qualified domain name, using 172.19.0.6. Set the 'ServerName' directive globally to suppress this message
[Wed Feb 26 08:43:17.714636 2025] [mpm_prefork:notice] [pid 1:tid 1] AH00163: Apache/2.4.62 (Debian) PHP/8.1.31 configured -- resuming normal operations
[Wed Feb 26 08:43:17.714854 2025] [core:notice] [pid 1:tid 1] AH00094: Command line: 'apache2 -D FOREGROUND'
[Wed Feb 26 08:43:25.545617 2025] [mpm_prefork:notice] [pid 1:tid 1] AH00170: caught SIGWINCH, shutting down gracefully
AH00558: apache2: Could not reliably determine the server's fully qualified domain name, using 172.19.0.6. Set the 'ServerName' directive globally to suppress this message
[Wed Feb 26 08:44:25.189501 2025] [mpm_prefork:notice] [pid 1:tid 1] AH00163: Apache/2.4.62 (Debian) PHP/8.1.31 configured -- resuming normal operations
[Wed Feb 26 08:44:25.197430 2025] [core:notice] [pid 1:tid 1] AH00094: Command line: 'apache2 -D FOREGROUND'
[Wed Feb 26 08:52:43.209232 2025] [mpm_prefork:notice] [pid 1:tid 1] AH00170: caught SIGWINCH, shutting down gracefully
AH00558: apache2: Could not reliably determine the server's fully qualified domain name, using 172.19.0.6. Set the 'ServerName' directive globally to suppress this message
[Wed Feb 26 08:58:18.022170 2025] [mpm_prefork:notice] [pid 1:tid 1] AH00163: Apache/2.4.62 (Debian) PHP/8.1.31 configured -- resuming normal operations
[Wed Feb 26 08:58:18.022378 2025] [core:notice] [pid 1:tid 1] AH00094: Command line: 'apache2 -D FOREGROUND'
[Thu Feb 27 06:10:08.278034 2025] [mpm_prefork:notice] [pid 1:tid 1] AH00170: caught SIGWINCH, shutting down gracefully
AH00558: apache2: Could not reliably determine the server's fully qualified domain name, using 172.19.0.5. Set the 'ServerName' directive globally to suppress this message
[Thu Feb 27 06:11:14.109369 2025] [mpm_prefork:notice] [pid 1:tid 1] AH00163: Apache/2.4.62 (Debian) PHP/8.1.31 configured -- resuming normal operations
[Thu Feb 27 06:11:14.109465 2025] [core:notice] [pid 1:tid 1] AH00094: Command line: 'apache2 -D FOREGROUND'
[Thu Feb 27 06:19:13.914181 2025] [mpm_prefork:notice] [pid 1:tid 1] AH00170: caught SIGWINCH, shutting down gracefully
[Thu Feb 27 08:00:53.955331 2025] [mpm_prefork:notice] [pid 1:tid 1] AH00163: Apache/2.4.62 (Debian) PHP/8.1.31 configured -- resuming normal operations
[Thu Feb 27 08:00:53.958049 2025] [core:notice] [pid 1:tid 1] AH00094: Command line: 'apache2 -D FOREGROUND'
[Thu Feb 27 08:47:51.340287 2025] [php:error] [pid 21:tid 21] [client 139.255.213.74:59677] PHP Fatal error:  Uncaught mysqli_sql_exception: Table 'restaurantdb.memberships' doesn't exist in /var/www/html/customerSide/components/header.php:111\nStack trace:\n#0 /var/www/html/customerSide/components/header.php(111): mysqli_query(Object(mysqli), 'SELECT member_n...')\n#1 /var/www/html/customerSide/home/home.php(1): include_once('/var/www/html/c...')\n#2 {main}\n  thrown in /var/www/html/customerSide/components/header.php on line 111, referer: http://103.150.101.52:86/customerSide/customerLogin/login.php
[Thu Feb 27 08:48:06.026364 2025] [php:error] [pid 19:tid 19] [client 139.255.213.74:59678] PHP Fatal error:  Uncaught mysqli_sql_exception: Table 'restaurantdb.memberships' doesn't exist in /var/www/html/customerSide/components/header.php:111\nStack trace:\n#0 /var/www/html/customerSide/components/header.php(111): mysqli_query(Object(mysqli), 'SELECT member_n...')\n#1 /var/www/html/customerSide/home/home.php(1): include_once('/var/www/html/c...')\n#2 {main}\n  thrown in /var/www/html/customerSide/components/header.php on line 111, referer: http://103.150.101.52:86/customerSide/customerLogin/login.php
[Thu Feb 27 08:48:06.928418 2025] [php:error] [pid 19:tid 19] [client 139.255.213.74:59678] PHP Fatal error:  Uncaught mysqli_sql_exception: Table 'restaurantdb.memberships' doesn't exist in /var/www/html/customerSide/components/header.php:111\nStack trace:\n#0 /var/www/html/customerSide/components/header.php(111): mysqli_query(Object(mysqli), 'SELECT member_n...')\n#1 /var/www/html/customerSide/home/home.php(1): include_once('/var/www/html/c...')\n#2 {main}\n  thrown in /var/www/html/customerSide/components/header.php on line 111, referer: http://103.150.101.52:86/customerSide/customerLogin/login.php
[Thu Feb 27 08:48:07.192573 2025] [php:error] [pid 19:tid 19] [client 139.255.213.74:59678] PHP Fatal error:  Uncaught mysqli_sql_exception: Table 'restaurantdb.memberships' doesn't exist in /var/www/html/customerSide/components/header.php:111\nStack trace:\n#0 /var/www/html/customerSide/components/header.php(111): mysqli_query(Object(mysqli), 'SELECT member_n...')\n#1 /var/www/html/customerSide/home/home.php(1): include_once('/var/www/html/c...')\n#2 {main}\n  thrown in /var/www/html/customerSide/components/header.php on line 111, referer: http://103.150.101.52:86/customerSide/customerLogin/login.php
[Thu Feb 27 08:48:07.415474 2025] [php:error] [pid 19:tid 19] [client 139.255.213.74:59678] PHP Fatal error:  Uncaught mysqli_sql_exception: Table 'restaurantdb.memberships' doesn't exist in /var/www/html/customerSide/components/header.php:111\nStack trace:\n#0 /var/www/html/customerSide/components/header.php(111): mysqli_query(Object(mysqli), 'SELECT member_n...')\n#1 /var/www/html/customerSide/home/home.php(1): include_once('/var/www/html/c...')\n#2 {main}\n  thrown in /var/www/html/customerSide/components/header.php on line 111, referer: http://103.150.101.52:86/customerSide/customerLogin/login.php
[Thu Feb 27 08:48:07.659482 2025] [php:error] [pid 19:tid 19] [client 139.255.213.74:59678] PHP Fatal error:  Uncaught mysqli_sql_exception: Table 'restaurantdb.memberships' doesn't exist in /var/www/html/customerSide/components/header.php:111\nStack trace:\n#0 /var/www/html/customerSide/components/header.php(111): mysqli_query(Object(mysqli), 'SELECT member_n...')\n#1 /var/www/html/customerSide/home/home.php(1): include_once('/var/www/html/c...')\n#2 {main}\n  thrown in /var/www/html/customerSide/components/header.php on line 111, referer: http://103.150.101.52:86/customerSide/customerLogin/login.php
[Thu Feb 27 08:48:07.901171 2025] [php:error] [pid 19:tid 19] [client 139.255.213.74:59678] PHP Fatal error:  Uncaught mysqli_sql_exception: Table 'restaurantdb.memberships' doesn't exist in /var/www/html/customerSide/components/header.php:111\nStack trace:\n#0 /var/www/html/customerSide/components/header.php(111): mysqli_query(Object(mysqli), 'SELECT member_n...')\n#1 /var/www/html/customerSide/home/home.php(1): include_once('/var/www/html/c...')\n#2 {main}\n  thrown in /var/www/html/customerSide/components/header.php on line 111, referer: http://103.150.101.52:86/customerSide/customerLogin/login.php
[Thu Feb 27 08:48:08.105996 2025] [php:error] [pid 19:tid 19] [client 139.255.213.74:59678] PHP Fatal error:  Uncaught mysqli_sql_exception: Table 'restaurantdb.memberships' doesn't exist in /var/www/html/customerSide/components/header.php:111\nStack trace:\n#0 /var/www/html/customerSide/components/header.php(111): mysqli_query(Object(mysqli), 'SELECT member_n...')\n#1 /var/www/html/customerSide/home/home.php(1): include_once('/var/www/html/c...')\n#2 {main}\n  thrown in /var/www/html/customerSide/components/header.php on line 111, referer: http://103.150.101.52:86/customerSide/customerLogin/login.php
[Thu Feb 27 08:48:13.736762 2025] [php:error] [pid 22:tid 22] [client 139.255.213.74:59679] PHP Fatal error:  Uncaught mysqli_sql_exception: Table 'restaurantdb.memberships' doesn't exist in /var/www/html/customerSide/components/header.php:111\nStack trace:\n#0 /var/www/html/customerSide/components/header.php(111): mysqli_query(Object(mysqli), 'SELECT member_n...')\n#1 /var/www/html/customerSide/home/home.php(1): include_once('/var/www/html/c...')\n#2 {main}\n  thrown in /var/www/html/customerSide/components/header.php on line 111, referer: http://103.150.101.52:86/customerSide/home/home.php
[Thu Feb 27 08:48:14.667768 2025] [php:error] [pid 22:tid 22] [client 139.255.213.74:59679] PHP Fatal error:  Uncaught mysqli_sql_exception: Table 'restaurantdb.memberships' doesn't exist in /var/www/html/customerSide/components/header.php:111\nStack trace:\n#0 /var/www/html/customerSide/components/header.php(111): mysqli_query(Object(mysqli), 'SELECT member_n...')\n#1 /var/www/html/customerSide/home/home.php(1): include_once('/var/www/html/c...')\n#2 {main}\n  thrown in /var/www/html/customerSide/components/header.php on line 111, referer: http://103.150.101.52:86/customerSide/home/home.php
[Thu Feb 27 08:48:15.268122 2025] [php:warn] [pid 22:tid 22] [client 139.255.213.74:59679] PHP Warning:  Undefined array key "reserved_table_id" in /var/www/html/customerSide/CustomerReservation/reservePage.php on line 133, referer: http://103.150.101.52:86/customerSide/home/home.php
[Thu Feb 27 08:48:15.269080 2025] [php:error] [pid 22:tid 22] [client 139.255.213.74:59679] PHP Fatal error:  Uncaught mysqli_sql_exception: You have an error in your SQL syntax; check the manual that corresponds to your MySQL server version for the right syntax to use near ')' at line 1 in /var/www/html/customerSide/CustomerReservation/reservePage.php:141\nStack trace:\n#0 /var/www/html/customerSide/CustomerReservation/reservePage.php(141): mysqli_query(Object(mysqli), 'SELECT * FROM r...')\n#1 {main}\n  thrown in /var/www/html/customerSide/CustomerReservation/reservePage.php on line 141, referer: http://103.150.101.52:86/customerSide/home/home.php
[Thu Feb 27 08:48:19.728702 2025] [php:error] [pid 22:tid 22] [client 139.255.213.74:59679] PHP Fatal error:  Uncaught mysqli_sql_exception: Table 'restaurantdb.memberships' doesn't exist in /var/www/html/customerSide/components/header.php:111\nStack trace:\n#0 /var/www/html/customerSide/components/header.php(111): mysqli_query(Object(mysqli), 'SELECT member_n...')\n#1 /var/www/html/customerSide/home/home.php(1): include_once('/var/www/html/c...')\n#2 {main}\n  thrown in /var/www/html/customerSide/components/header.php on line 111, referer: http://103.150.101.52:86/customerSide/home/home.php
[Thu Feb 27 08:48:23.438931 2025] [php:warn] [pid 22:tid 22] [client 139.255.213.74:59679] PHP Warning:  Undefined variable $account_id in /var/www/html/adminSide/StaffLogin/login.php on line 54, referer: http://103.150.101.52:86/customerSide/home/home.php
[Thu Feb 27 08:48:23.438983 2025] [php:warn] [pid 22:tid 22] [client 139.255.213.74:59679] PHP Warning:  Undefined variable $account_id in /var/www/html/adminSide/StaffLogin/login.php on line 55, referer: http://103.150.101.52:86/customerSide/home/home.php
[Thu Feb 27 08:48:32.635887 2025] [php:error] [pid 23:tid 23] [client 139.255.213.74:59683] PHP Fatal error:  Uncaught mysqli_sql_exception: Table 'restaurantdb.reservations' doesn't exist in /var/www/html/adminSide/posBackend/posTable.php:54\nStack trace:\n#0 /var/www/html/adminSide/posBackend/posTable.php(54): mysqli_query(Object(mysqli), 'SELECT * FROM r...')\n#1 {main}\n  thrown in /var/www/html/adminSide/posBackend/posTable.php on line 54, referer: http://103.150.101.52:86/adminSide/StaffLogin/login.php
[Thu Feb 27 09:04:59.497167 2025] [php:error] [pid 18:tid 18] [client 139.255.213.74:59844] PHP Fatal error:  Uncaught mysqli_sql_exception: Table 'restaurantdb.bill_items' doesn't exist in /var/www/html/adminSide/posBackend/posTable.php:64\nStack trace:\n#0 /var/www/html/adminSide/posBackend/posTable.php(64): mysqli->query('SELECT * FROM b...')\n#1 {main}\n  thrown in /var/www/html/adminSide/posBackend/posTable.php on line 64
[Thu Feb 27 09:05:01.300026 2025] [php:error] [pid 18:tid 18] [client 139.255.213.74:59844] PHP Fatal error:  Uncaught mysqli_sql_exception: Table 'restaurantdb.bill_items' doesn't exist in /var/www/html/adminSide/posBackend/posTable.php:64\nStack trace:\n#0 /var/www/html/adminSide/posBackend/posTable.php(64): mysqli->query('SELECT * FROM b...')\n#1 {main}\n  thrown in /var/www/html/adminSide/posBackend/posTable.php on line 64
[Thu Feb 27 09:05:06.158976 2025] [php:warn] [pid 18:tid 18] [client 139.255.213.74:59844] PHP Warning:  Undefined variable $account_id in /var/www/html/adminSide/StaffLogin/login.php on line 54, referer: http://103.150.101.52:86/customerSide/home/home.php
[Thu Feb 27 09:05:06.159041 2025] [php:warn] [pid 18:tid 18] [client 139.255.213.74:59844] PHP Warning:  Undefined variable $account_id in /var/www/html/adminSide/StaffLogin/login.php on line 55, referer: http://103.150.101.52:86/customerSide/home/home.php
[Thu Feb 27 09:05:06.187847 2025] [php:error] [pid 18:tid 18] [client 139.255.213.74:59844] PHP Fatal error:  Uncaught mysqli_sql_exception: Table 'restaurantdb.bill_items' doesn't exist in /var/www/html/adminSide/posBackend/posTable.php:64\nStack trace:\n#0 /var/www/html/adminSide/posBackend/posTable.php(64): mysqli->query('SELECT * FROM b...')\n#1 {main}\n  thrown in /var/www/html/adminSide/posBackend/posTable.php on line 64, referer: http://103.150.101.52:86/customerSide/home/home.php
[Thu Feb 27 09:05:07.644162 2025] [php:error] [pid 18:tid 18] [client 139.255.213.74:59844] PHP Fatal error:  Uncaught mysqli_sql_exception: Table 'restaurantdb.memberships' doesn't exist in /var/www/html/customerSide/components/header.php:111\nStack trace:\n#0 /var/www/html/customerSide/components/header.php(111): mysqli_query(Object(mysqli), 'SELECT member_n...')\n#1 /var/www/html/customerSide/home/home.php(1): include_once('/var/www/html/c...')\n#2 {main}\n  thrown in /var/www/html/customerSide/components/header.php on line 111, referer: http://103.150.101.52:86/customerSide/home/home.php
[Thu Feb 27 09:05:10.399796 2025] [php:error] [pid 18:tid 18] [client 139.255.213.74:59844] PHP Fatal error:  Uncaught mysqli_sql_exception: Table 'restaurantdb.memberships' doesn't exist in /var/www/html/customerSide/components/header.php:111\nStack trace:\n#0 /var/www/html/customerSide/components/header.php(111): mysqli_query(Object(mysqli), 'SELECT member_n...')\n#1 /var/www/html/customerSide/home/home.php(1): include_once('/var/www/html/c...')\n#2 {main}\n  thrown in /var/www/html/customerSide/components/header.php on line 111, referer: http://103.150.101.52:86/customerSide/home/home.php
[Thu Feb 27 09:05:21.250574 2025] [php:error] [pid 17:tid 17] [client 139.255.213.74:59849] PHP Fatal error:  Uncaught mysqli_sql_exception: Table 'restaurantdb.memberships' doesn't exist in /var/www/html/customerSide/components/header.php:111\nStack trace:\n#0 /var/www/html/customerSide/components/header.php(111): mysqli_query(Object(mysqli), 'SELECT member_n...')\n#1 /var/www/html/customerSide/home/home.php(1): include_once('/var/www/html/c...')\n#2 {main}\n  thrown in /var/www/html/customerSide/components/header.php on line 111
[Thu Feb 27 09:05:33.550002 2025] [php:error] [pid 21:tid 21] [client 139.255.213.74:59854] PHP Fatal error:  Uncaught mysqli_sql_exception: Table 'restaurantdb.memberships' doesn't exist in /var/www/html/customerSide/components/header.php:111\nStack trace:\n#0 /var/www/html/customerSide/components/header.php(111): mysqli_query(Object(mysqli), 'SELECT member_n...')\n#1 /var/www/html/customerSide/home/home.php(1): include_once('/var/www/html/c...')\n#2 {main}\n  thrown in /var/www/html/customerSide/components/header.php on line 111
[Thu Feb 27 09:05:35.750344 2025] [php:warn] [pid 21:tid 21] [client 139.255.213.74:59854] PHP Warning:  Undefined variable $account_id in /var/www/html/adminSide/StaffLogin/login.php on line 54, referer: http://103.150.101.52:86/customerSide/home/home.php
[Thu Feb 27 09:05:35.750416 2025] [php:warn] [pid 21:tid 21] [client 139.255.213.74:59854] PHP Warning:  Undefined variable $account_id in /var/www/html/adminSide/StaffLogin/login.php on line 55, referer: http://103.150.101.52:86/customerSide/home/home.php
[Thu Feb 27 09:05:35.813137 2025] [php:error] [pid 21:tid 21] [client 139.255.213.74:59854] PHP Fatal error:  Uncaught mysqli_sql_exception: Table 'restaurantdb.bill_items' doesn't exist in /var/www/html/adminSide/posBackend/posTable.php:64\nStack trace:\n#0 /var/www/html/adminSide/posBackend/posTable.php(64): mysqli->query('SELECT * FROM b...')\n#1 {main}\n  thrown in /var/www/html/adminSide/posBackend/posTable.php on line 64, referer: http://103.150.101.52:86/customerSide/home/home.php
[Thu Feb 27 09:05:42.139783 2025] [php:error] [pid 19:tid 19] [client 139.255.213.74:59862] PHP Fatal error:  Uncaught mysqli_sql_exception: Table 'restaurantdb.memberships' doesn't exist in /var/www/html/customerSide/components/header.php:111\nStack trace:\n#0 /var/www/html/customerSide/components/header.php(111): mysqli_query(Object(mysqli), 'SELECT member_n...')\n#1 /var/www/html/customerSide/home/home.php(1): include_once('/var/www/html/c...')\n#2 {main}\n  thrown in /var/www/html/customerSide/components/header.php on line 111
[Thu Feb 27 09:09:39.785211 2025] [php:error] [pid 22:tid 22] [client 139.255.213.74:59919] PHP Fatal error:  Uncaught mysqli_sql_exception: Table 'restaurantdb.memberships' doesn't exist in /var/www/html/customerSide/components/header.php:111\nStack trace:\n#0 /var/www/html/customerSide/components/header.php(111): mysqli_query(Object(mysqli), 'SELECT member_n...')\n#1 /var/www/html/customerSide/home/home.php(1): include_once('/var/www/html/c...')\n#2 {main}\n  thrown in /var/www/html/customerSide/components/header.php on line 111
[Thu Feb 27 09:09:43.830169 2025] [php:error] [pid 22:tid 22] [client 139.255.213.74:59919] PHP Fatal error:  Uncaught mysqli_sql_exception: Table 'restaurantdb.memberships' doesn't exist in /var/www/html/customerSide/components/header.php:111\nStack trace:\n#0 /var/www/html/customerSide/components/header.php(111): mysqli_query(Object(mysqli), 'SELECT member_n...')\n#1 /var/www/html/customerSide/home/home.php(1): include_once('/var/www/html/c...')\n#2 {main}\n  thrown in /var/www/html/customerSide/components/header.php on line 111
[Thu Feb 27 09:17:28.716800 2025] [php:warn] [pid 20:tid 20] [client 139.255.213.74:59998] PHP Warning:  Cannot modify header information - headers already sent by (output started at /var/www/html/customerSide/customerLogin/logout.php:24) in /var/www/html/customerSide/customerLogin/logout.php on line 46, referer: http://103.150.101.52:86/customerSide/home/home.php
[Thu Feb 27 09:17:59.312173 2025] [php:warn] [pid 19:tid 19] [client 139.255.213.74:60009] PHP Warning:  Undefined variable $account_id in /var/www/html/adminSide/StaffLogin/login.php on line 54, referer: http://103.150.101.52:86/customerSide/home/home.php
[Thu Feb 27 09:17:59.312227 2025] [php:warn] [pid 19:tid 19] [client 139.255.213.74:60009] PHP Warning:  Undefined variable $account_id in /var/www/html/adminSide/StaffLogin/login.php on line 55, referer: http://103.150.101.52:86/customerSide/home/home.php
[Thu Feb 27 09:18:02.408147 2025] [php:warn] [pid 19:tid 19] [client 139.255.213.74:60009] PHP Warning:  Undefined array key "reserved_table_id" in /var/www/html/customerSide/CustomerReservation/reservePage.php on line 133, referer: http://103.150.101.52:86/customerSide/home/home.php
[Thu Feb 27 09:18:02.408648 2025] [php:error] [pid 19:tid 19] [client 139.255.213.74:60009] PHP Fatal error:  Uncaught mysqli_sql_exception: You have an error in your SQL syntax; check the manual that corresponds to your MySQL server version for the right syntax to use near ')' at line 1 in /var/www/html/customerSide/CustomerReservation/reservePage.php:141\nStack trace:\n#0 /var/www/html/customerSide/CustomerReservation/reservePage.php(141): mysqli_query(Object(mysqli), 'SELECT * FROM r...')\n#1 {main}\n  thrown in /var/www/html/customerSide/CustomerReservation/reservePage.php on line 141, referer: http://103.150.101.52:86/customerSide/home/home.php
[Thu Feb 27 09:18:05.432369 2025] [php:warn] [pid 19:tid 19] [client 139.255.213.74:60009] PHP Warning:  Undefined array key "reserved_table_id" in /var/www/html/customerSide/CustomerReservation/reservePage.php on line 133, referer: http://103.150.101.52:86/customerSide/home/home.php
[Thu Feb 27 09:18:05.432907 2025] [php:error] [pid 19:tid 19] [client 139.255.213.74:60009] PHP Fatal error:  Uncaught mysqli_sql_exception: You have an error in your SQL syntax; check the manual that corresponds to your MySQL server version for the right syntax to use near ')' at line 1 in /var/www/html/customerSide/CustomerReservation/reservePage.php:141\nStack trace:\n#0 /var/www/html/customerSide/CustomerReservation/reservePage.php(141): mysqli_query(Object(mysqli), 'SELECT * FROM r...')\n#1 {main}\n  thrown in /var/www/html/customerSide/CustomerReservation/reservePage.php on line 141, referer: http://103.150.101.52:86/customerSide/home/home.php
[Thu Feb 27 09:18:32.642155 2025] [php:error] [pid 22:tid 22] [client 139.255.213.74:60019] PHP Fatal error:  Uncaught mysqli_sql_exception: Table 'restaurantdb.reservations' doesn't exist in /var/www/html/customerSide/CustomerReservation/availability.php:12\nStack trace:\n#0 /var/www/html/customerSide/CustomerReservation/availability.php(12): mysqli_query(Object(mysqli), 'SELECT * FROM r...')\n#1 {main}\n  thrown in /var/www/html/customerSide/CustomerReservation/availability.php on line 12, referer: http://103.150.101.52:86/customerSide/CustomerReservation/reservePage.php
[Thu Feb 27 09:24:14.231095 2025] [php:error] [pid 23:tid 23] [client 139.255.213.74:60077] PHP Fatal error:  Uncaught mysqli_sql_exception: Table 'restaurantdb.reservations' doesn't exist in /var/www/html/customerSide/CustomerReservation/availability.php:12\nStack trace:\n#0 /var/www/html/customerSide/CustomerReservation/availability.php(12): mysqli_query(Object(mysqli), 'SELECT * FROM r...')\n#1 {main}\n  thrown in /var/www/html/customerSide/CustomerReservation/availability.php on line 12
[Thu Feb 27 09:33:41.695859 2025] [php:warn] [pid 24:tid 24] [client 139.255.213.74:60148] PHP Warning:  Undefined array key "reserved_table_id" in /var/www/html/customerSide/CustomerReservation/reservePage.php on line 133, referer: http://103.150.101.52:86/customerSide/home/home.php
[Thu Feb 27 09:33:41.697110 2025] [php:error] [pid 24:tid 24] [client 139.255.213.74:60148] PHP Fatal error:  Uncaught mysqli_sql_exception: You have an error in your SQL syntax; check the manual that corresponds to your MySQL server version for the right syntax to use near ')' at line 1 in /var/www/html/customerSide/CustomerReservation/reservePage.php:141\nStack trace:\n#0 /var/www/html/customerSide/CustomerReservation/reservePage.php(141): mysqli_query(Object(mysqli), 'SELECT * FROM R...')\n#1 {main}\n  thrown in /var/www/html/customerSide/CustomerReservation/reservePage.php on line 141, referer: http://103.150.101.52:86/customerSide/home/home.php
[Thu Feb 27 09:33:45.202213 2025] [php:warn] [pid 24:tid 24] [client 139.255.213.74:60148] PHP Warning:  Cannot modify header information - headers already sent by (output started at /var/www/html/customerSide/customerLogin/logout.php:24) in /var/www/html/customerSide/customerLogin/logout.php on line 46, referer: http://103.150.101.52:86/customerSide/home/home.php
[Thu Feb 27 10:12:45.396666 2025] [php:warn] [pid 22:tid 22] [client 139.255.213.74:60479] PHP Warning:  Undefined array key "reserved_table_id" in /var/www/html/customerSide/CustomerReservation/reservePage.php on line 133, referer: http://103.150.101.52:86/customerSide/home/home.php
[Thu Feb 27 10:12:45.397322 2025] [php:error] [pid 22:tid 22] [client 139.255.213.74:60479] PHP Fatal error:  Uncaught mysqli_sql_exception: You have an error in your SQL syntax; check the manual that corresponds to your MySQL server version for the right syntax to use near ')' at line 1 in /var/www/html/customerSide/CustomerReservation/reservePage.php:141\nStack trace:\n#0 /var/www/html/customerSide/CustomerReservation/reservePage.php(141): mysqli_query(Object(mysqli), 'SELECT * FROM R...')\n#1 {main}\n  thrown in /var/www/html/customerSide/CustomerReservation/reservePage.php on line 141, referer: http://103.150.101.52:86/customerSide/home/home.php
[Thu Feb 27 10:13:28.275605 2025] [php:warn] [pid 24:tid 24] [client 139.255.213.74:60484] PHP Warning:  Undefined array key "reserved_table_id" in /var/www/html/customerSide/CustomerReservation/reservePage.php on line 133, referer: http://103.150.101.52:86/customerSide/CustomerReservation/reservePage.php?reservation_date=2025-10-12&head_count=1&reservation_time=19:00:00&reserved_table_id=0
[Thu Feb 27 10:13:28.276336 2025] [php:error] [pid 24:tid 24] [client 139.255.213.74:60484] PHP Fatal error:  Uncaught mysqli_sql_exception: You have an error in your SQL syntax; check the manual that corresponds to your MySQL server version for the right syntax to use near ')' at line 1 in /var/www/html/customerSide/CustomerReservation/reservePage.php:141\nStack trace:\n#0 /var/www/html/customerSide/CustomerReservation/reservePage.php(141): mysqli_query(Object(mysqli), 'SELECT * FROM R...')\n#1 {main}\n  thrown in /var/www/html/customerSide/CustomerReservation/reservePage.php on line 141, referer: http://103.150.101.52:86/customerSide/CustomerReservation/reservePage.php?reservation_date=2025-10-12&head_count=1&reservation_time=19:00:00&reserved_table_id=0
[Thu Feb 27 10:16:00.060725 2025] [php:warn] [pid 18:tid 18] [client 139.255.213.74:60497] PHP Warning:  Undefined variable $account_id in /var/www/html/adminSide/StaffLogin/login.php on line 54, referer: http://103.150.101.52:86/customerSide/home/home.php
[Thu Feb 27 10:16:00.060807 2025] [php:warn] [pid 18:tid 18] [client 139.255.213.74:60497] PHP Warning:  Undefined variable $account_id in /var/www/html/adminSide/StaffLogin/login.php on line 55, referer: http://103.150.101.52:86/customerSide/home/home.php
[Thu Feb 27 10:16:07.543016 2025] [php:error] [pid 17:tid 17] [client 139.255.213.74:60498] PHP Fatal error:  Uncaught mysqli_sql_exception: Table 'restaurantdb.bill_items' doesn't exist in /var/www/html/adminSide/posBackend/posTable.php:64\nStack trace:\n#0 /var/www/html/adminSide/posBackend/posTable.php(64): mysqli->query('SELECT * FROM b...')\n#1 {main}\n  thrown in /var/www/html/adminSide/posBackend/posTable.php on line 64, referer: http://103.150.101.52:86/adminSide/StaffLogin/login.php
[Thu Feb 27 10:16:17.368216 2025] [php:error] [pid 21:tid 21] [client 139.255.213.74:60500] PHP Fatal error:  Uncaught mysqli_sql_exception: Table 'restaurantdb.bill_items' doesn't exist in /var/www/html/adminSide/posBackend/posTable.php:64\nStack trace:\n#0 /var/www/html/adminSide/posBackend/posTable.php(64): mysqli->query('SELECT * FROM b...')\n#1 {main}\n  thrown in /var/www/html/adminSide/posBackend/posTable.php on line 64, referer: http://103.150.101.52:86/adminSide/posBackend/posTable.php
[Thu Feb 27 10:16:18.699623 2025] [php:warn] [pid 21:tid 21] [client 139.255.213.74:60500] PHP Warning:  session_start(): Session cannot be started after headers have already been sent in /var/www/html/adminSide/panel/bill-panel.php on line 2, referer: http://103.150.101.52:86/adminSide/posBackend/posTable.php
[Thu Feb 27 10:16:18.699849 2025] [php:warn] [pid 21:tid 21] [client 139.255.213.74:60500] PHP Warning:  Cannot modify header information - headers already sent by (output started at /var/www/html/adminSide/panel/bill-panel.php:1) in /var/www/html/adminSide/posBackend/checkIfLoggedIn.php on line 4, referer: http://103.150.101.52:86/adminSide/posBackend/posTable.php
[Thu Feb 27 10:16:23.563826 2025] [php:warn] [pid 21:tid 21] [client 139.255.213.74:60500] PHP Warning:  Undefined variable $next_tab_idle in /var/www/html/adminSide/tableCrud/createTable.php on line 43, referer: http://103.150.101.52:86/adminSide/panel/table-panel.php
[Thu Feb 27 10:17:32.621482 2025] [php:error] [pid 20:tid 20] [client 139.255.213.74:60514] PHP Fatal error:  Uncaught mysqli_sql_exception: Table 'restaurantdb.bill_items' doesn't exist in /var/www/html/adminSide/posBackend/posTable.php:64\nStack trace:\n#0 /var/www/html/adminSide/posBackend/posTable.php(64): mysqli->query('SELECT * FROM b...')\n#1 {main}\n  thrown in /var/www/html/adminSide/posBackend/posTable.php on line 64, referer: http://103.150.101.52:86/adminSide/panel/profiles-panel.php
[Thu Feb 27 10:17:36.625727 2025] [php:warn] [pid 20:tid 20] [client 139.255.213.74:60514] PHP Warning:  session_start(): Session cannot be started after headers have already been sent in /var/www/html/adminSide/panel/bill-panel.php on line 2, referer: http://103.150.101.52:86/adminSide/posBackend/posTable.php
[Thu Feb 27 10:17:36.625883 2025] [php:warn] [pid 20:tid 20] [client 139.255.213.74:60514] PHP Warning:  Cannot modify header information - headers already sent by (output started at /var/www/html/adminSide/panel/bill-panel.php:1) in /var/www/html/adminSide/posBackend/checkIfLoggedIn.php on line 4, referer: http://103.150.101.52:86/adminSide/posBackend/posTable.php
[Thu Feb 27 10:17:42.965723 2025] [php:error] [pid 18:tid 18] [client 139.255.213.74:60522] PHP Fatal error:  Uncaught mysqli_sql_exception: Table 'restaurantdb.bill_items' doesn't exist in /var/www/html/adminSide/posBackend/posTable.php:64\nStack trace:\n#0 /var/www/html/adminSide/posBackend/posTable.php(64): mysqli->query('SELECT * FROM b...')\n#1 {main}\n  thrown in /var/www/html/adminSide/posBackend/posTable.php on line 64, referer: http://103.150.101.52:86/adminSide/panel/bill-panel.php
[Thu Feb 27 10:21:11.111821 2025] [php:error] [pid 21:tid 21] [client 139.255.213.74:60573] PHP Fatal error:  Uncaught mysqli_sql_exception: Table 'restaurantdb.bill_items' doesn't exist in /var/www/html/adminSide/posBackend/orderItem.php:168\nStack trace:\n#0 /var/www/html/adminSide/posBackend/orderItem.php(168): mysqli_query(Object(mysqli), 'SELECT bi.*, m....')\n#1 {main}\n  thrown in /var/www/html/adminSide/posBackend/orderItem.php on line 168, referer: http://103.150.101.52:86/adminSide/posBackend/posTable.php
[Thu Feb 27 10:25:15.093603 2025] [php:warn] [pid 24:tid 24] [client 139.255.213.74:60607] PHP Warning:  Cannot modify header information - headers already sent by (output started at /var/www/html/adminSide/posBackend/addItem.php:34) in /var/www/html/adminSide/posBackend/addItem.php on line 35, referer: http://103.150.101.52:86/adminSide/posBackend/orderItem.php?bill_id=31&table_id=2
[Thu Feb 27 10:27:38.411290 2025] [php:warn] [pid 20:tid 20] [client 139.255.213.74:60618] PHP Warning:  Cannot modify header information - headers already sent by (output started at /var/www/html/adminSide/posBackend/addItem.php:23) in /var/www/html/adminSide/posBackend/addItem.php on line 24
[Thu Feb 27 13:28:15.248051 2025] [php:warn] [pid 19:tid 19] [client 110.138.91.26:58468] PHP Warning:  Undefined array key "reserved_table_id" in /var/www/html/customerSide/CustomerReservation/reservePage.php on line 133, referer: http://103.150.101.52:86/customerSide/home/home.php
[Thu Feb 27 13:28:15.248811 2025] [php:error] [pid 19:tid 19] [client 110.138.91.26:58468] PHP Fatal error:  Uncaught mysqli_sql_exception: You have an error in your SQL syntax; check the manual that corresponds to your MySQL server version for the right syntax to use near ')' at line 1 in /var/www/html/customerSide/CustomerReservation/reservePage.php:141\nStack trace:\n#0 /var/www/html/customerSide/CustomerReservation/reservePage.php(141): mysqli_query(Object(mysqli), 'SELECT * FROM R...')\n#1 {main}\n  thrown in /var/www/html/customerSide/CustomerReservation/reservePage.php on line 141, referer: http://103.150.101.52:86/customerSide/home/home.php
[Thu Feb 27 13:28:20.200055 2025] [php:warn] [pid 19:tid 19] [client 110.138.91.26:58468] PHP Warning:  Undefined variable $account_id in /var/www/html/adminSide/StaffLogin/login.php on line 54, referer: http://103.150.101.52:86/customerSide/home/home.php
[Thu Feb 27 13:28:20.200154 2025] [php:warn] [pid 19:tid 19] [client 110.138.91.26:58468] PHP Warning:  Undefined variable $account_id in /var/www/html/adminSide/StaffLogin/login.php on line 55, referer: http://103.150.101.52:86/customerSide/home/home.php
[Thu Feb 27 13:46:09.016874 2025] [php:warn] [pid 18:tid 18] [client 52.167.144.166:45632] PHP Warning:  Undefined array key "reserved_table_id" in /var/www/html/customerSide/CustomerReservation/reservePage.php on line 133
[Thu Feb 27 13:46:09.017606 2025] [php:error] [pid 18:tid 18] [client 52.167.144.166:45632] PHP Fatal error:  Uncaught mysqli_sql_exception: You have an error in your SQL syntax; check the manual that corresponds to your MySQL server version for the right syntax to use near ')' at line 1 in /var/www/html/customerSide/CustomerReservation/reservePage.php:141\nStack trace:\n#0 /var/www/html/customerSide/CustomerReservation/reservePage.php(141): mysqli_query(Object(mysqli), 'SELECT * FROM R...')\n#1 {main}\n  thrown in /var/www/html/customerSide/CustomerReservation/reservePage.php on line 141
[Thu Feb 27 13:47:08.954117 2025] [php:warn] [pid 21:tid 21] [client 52.167.144.166:45668] PHP Warning:  Undefined variable $account_id in /var/www/html/adminSide/StaffLogin/login.php on line 54
[Thu Feb 27 13:47:08.954209 2025] [php:warn] [pid 21:tid 21] [client 52.167.144.166:45668] PHP Warning:  Undefined variable $account_id in /var/www/html/adminSide/StaffLogin/login.php on line 55
[Sat Mar 01 22:38:00.595994 2025] [php:warn] [pid 22:tid 22] [client 52.167.144.150:1480] PHP Warning:  Undefined array key "reserved_table_id" in /var/www/html/customerSide/CustomerReservation/reservePage.php on line 133
[Sat Mar 01 22:38:00.611751 2025] [php:error] [pid 22:tid 22] [client 52.167.144.150:1480] PHP Fatal error:  Uncaught mysqli_sql_exception: You have an error in your SQL syntax; check the manual that corresponds to your MySQL server version for the right syntax to use near ')' at line 1 in /var/www/html/customerSide/CustomerReservation/reservePage.php:141\nStack trace:\n#0 /var/www/html/customerSide/CustomerReservation/reservePage.php(141): mysqli_query(Object(mysqli), 'SELECT * FROM R...')\n#1 {main}\n  thrown in /var/www/html/customerSide/CustomerReservation/reservePage.php on line 141
[Mon Mar 03 02:30:09.079893 2025] [php:warn] [pid 19:tid 19] [client 52.167.144.203:30286] PHP Warning:  Undefined array key "reserved_table_id" in /var/www/html/customerSide/CustomerReservation/reservePage.php on line 133
[Mon Mar 03 02:30:09.140612 2025] [php:error] [pid 19:tid 19] [client 52.167.144.203:30286] PHP Fatal error:  Uncaught mysqli_sql_exception: You have an error in your SQL syntax; check the manual that corresponds to your MySQL server version for the right syntax to use near ')' at line 1 in /var/www/html/customerSide/CustomerReservation/reservePage.php:141\nStack trace:\n#0 /var/www/html/customerSide/CustomerReservation/reservePage.php(141): mysqli_query(Object(mysqli), 'SELECT * FROM R...')\n#1 {main}\n  thrown in /var/www/html/customerSide/CustomerReservation/reservePage.php on line 141
[Mon Mar 03 19:17:23.195250 2025] [php:warn] [pid 19:tid 19] [client 40.77.167.36:2819] PHP Warning:  Undefined array key "reserved_table_id" in /var/www/html/customerSide/CustomerReservation/reservePage.php on line 133
[Mon Mar 03 19:17:23.241451 2025] [php:error] [pid 19:tid 19] [client 40.77.167.36:2819] PHP Fatal error:  Uncaught mysqli_sql_exception: You have an error in your SQL syntax; check the manual that corresponds to your MySQL server version for the right syntax to use near ')' at line 1 in /var/www/html/customerSide/CustomerReservation/reservePage.php:141\nStack trace:\n#0 /var/www/html/customerSide/CustomerReservation/reservePage.php(141): mysqli_query(Object(mysqli), 'SELECT * FROM R...')\n#1 {main}\n  thrown in /var/www/html/customerSide/CustomerReservation/reservePage.php on line 141
[Tue Mar 04 12:57:53.781906 2025] [php:warn] [pid 19:tid 19] [client 52.167.144.167:11622] PHP Warning:  Undefined array key "reserved_table_id" in /var/www/html/customerSide/CustomerReservation/reservePage.php on line 133
[Tue Mar 04 12:57:53.824823 2025] [php:error] [pid 19:tid 19] [client 52.167.144.167:11622] PHP Fatal error:  Uncaught mysqli_sql_exception: You have an error in your SQL syntax; check the manual that corresponds to your MySQL server version for the right syntax to use near ')' at line 1 in /var/www/html/customerSide/CustomerReservation/reservePage.php:141\nStack trace:\n#0 /var/www/html/customerSide/CustomerReservation/reservePage.php(141): mysqli_query(Object(mysqli), 'SELECT * FROM R...')\n#1 {main}\n  thrown in /var/www/html/customerSide/CustomerReservation/reservePage.php on line 141
[Wed Mar 05 02:16:10.305986 2025] [mpm_prefork:notice] [pid 1:tid 1] AH00163: Apache/2.4.62 (Debian) PHP/8.1.31 configured -- resuming normal operations
[Wed Mar 05 02:16:10.309769 2025] [core:notice] [pid 1:tid 1] AH00094: Command line: 'apache2 -D FOREGROUND'
